// Jest Snapshot v1, https://goo.gl/fbAQLP

exports[`<ButtonGroup /> should render without a problem 1`] = `
.c2 {
  position: relative;
  display: -webkit-inline-box;
  display: -webkit-inline-flex;
  display: -ms-inline-flexbox;
  display: inline-flex;
  -webkit-box-pack: center;
  -webkit-justify-content: center;
  -ms-flex-pack: center;
  justify-content: center;
  -webkit-align-items: center;
  -webkit-box-align: center;
  -ms-flex-align: center;
  align-items: center;
  -webkit-flex-wrap: nowrap;
  -ms-flex-wrap: nowrap;
  flex-wrap: nowrap;
  max-width: 100%;
  width: auto;
  padding: 0.75rem 1.6rem;
  border-radius: 0.4rem;
  font-size: 1.4rem;
  line-height: 1.57;
  color: hsl(0,100%,100%);
  cursor: pointer;
  outline: none;
  -webkit-transition: background 200ms ease,box-shadow 200ms ease;
  transition: background 200ms ease,box-shadow 200ms ease;
  color: hsl(207,13%,45%);
  background: linear-gradient(180deg,hsl(0,100%,100%) 0%,hsl(216,45%,98%) 100%);
  border: 1px solid hsl(207,22%,90%);
  padding: 0.75rem 1.6rem;
}

.c0 {
  display: -webkit-box;
  display: -webkit-flex;
  display: -ms-flexbox;
  display: flex;
}

.c0 .c1 {
  border-radius: 0;
}

.c0 .c1:first-of-type {
  border-top-left-radius: 0.4rem;
  border-bottom-left-radius: 0.4rem;
}

.c0 .c1:nth-child(n):not(:first-of-type) {
  border-left: 0;
}

.c0 .c1:last-of-type {
  border-top-right-radius: 0.4rem;
  border-bottom-right-radius: 0.4rem;
  border-left: 0;
}

.c0 .c1[data-isactive='true'] {
  text-shadow: 0.6px 0 0 currentColor;
}

.c0 .c1[data-isactive='true'][data-appearance='secondary'] {
  color: hsl(200,74%,46%);
}

.c0 .c1[data-isactive='true'][data-appearance='secondary'] svg > path {
  fill: rgba(30,146,204,0.7);
}

.c0 .c1[data-isactive='false'] {
  color: rgba(255,255,255,0.7);
}

.c0 .c1[data-isactive='false'] svg > path {
  fill: rgba(255,255,255,0.7);
}

.c0 .c1[data-isactive='false'][data-appearance='secondary'],
.c0 .c1[data-isactive='false'][data-appearance='default'] {
  color: rgba(100,116,130,0.9);
}

.c0 .c1[data-isactive='false'][data-appearance='secondary'] svg > path,
.c0 .c1[data-isactive='false'][data-appearance='default'] svg > path {
  fill: rgba(100,116,130,0.7);
}

<div
  class="c0"
  role="group"
  tabindex="-1"
>
  <button
    class="c1 c2"
    data-appearance="secondary"
    data-isactive="false"
    name="ON"
    type="button"
  >
    ON
  </button>
  <button
    class="c1 c2"
    data-appearance="secondary"
    data-isactive="false"
    name="OFF"
    type="button"
  >
    OFF
  </button>
</div>
`;
