// Jest Snapshot v1, https://goo.gl/fbAQLP

exports[`<NumberInput /> should render withouth a problem 1`] = `
.c0 {
  display: -webkit-box;
  display: -webkit-flex;
  display: -ms-flexbox;
  display: flex;
  -webkit-flex-direction: row;
  -ms-flex-direction: row;
  flex-direction: row;
  -webkit-align-items: center;
  -webkit-box-align: center;
  -ms-flex-align: center;
  align-items: center;
  width: 25rem;
  height: 4rem;
  overflow: hidden;
  border-radius: 0.4rem;
  border: 1px solid hsl(218,18%,91%);
  background-color: hsl(0,100%,100%);
}

.c1 {
  -webkit-flex: 1;
  -ms-flex: 1;
  flex: 1;
  height: 100%;
  background-color: hsl(0,100%,100%);
  margin: 0 0.7rem;
  border-radius: 0.4rem;
  font-size: 1.2rem;
  border: none;
  padding: 0;
  text-align: left;
}

.c1:focus,
.c1:active {
  outline: none;
}

<NumberInput
  decimals={0}
  max={null}
  min={null}
  onChange={[Function]}
  separator="\\\\."
  step={1}
  validate={false}
>
  <TextInput
    _onBlur={[Function]}
    _onFocus={[Function]}
    disabled={false}
    error={false}
    fluid={false}
    id=""
    info={false}
    label={null}
    labelPosition="left"
    loading={false}
    onBlur={[Function]}
    onChange={[Function]}
    onFocus={[Function]}
    password={false}
    placeHolder=""
    search={false}
    success={false}
    tabIndex="0"
    value="0"
    warning={false}
    width="25rem"
  >
    <styled.div
      disabled={false}
      error={false}
      hasFocus={false}
      info={false}
      success={false}
      warning={false}
      width="25rem"
    >
      <div
        className="c0"
        disabled={false}
        width="25rem"
      >
        <styled.input
          disabled={false}
          id=""
          innerRef={[Function]}
          onBlur={[Function]}
          onChange={[Function]}
          onFocus={[Function]}
          placeholder=""
          tabIndex="0"
          type="text"
          value="0"
        >
          <input
            className="c1"
            disabled={false}
            id=""
            onBlur={[Function]}
            onChange={[Function]}
            onFocus={[Function]}
            placeholder=""
            tabIndex="0"
            type="text"
            value="0"
          />
        </styled.input>
      </div>
    </styled.div>
  </TextInput>
</NumberInput>
`;
