// Jest Snapshot v1, https://goo.gl/fbAQLP

exports[`Day should render with no problem 1`] = `
.c0 {
  font-size: 1.4rem;
  line-height: 3rem;
  cursor: pointer;
}

<div
  className="c0"
  disabled={false}
  onClick={[Function]}
  onFocus={[Function]}
  onMouseOver={[Function]}
  selected={false}
>
  <styled.div
    ending={false}
    starting={false}
  >
    15
  </styled.div>
</div>
`;
