// Jest Snapshot v1, https://goo.gl/fbAQLP

exports[`<Tag /> should render without a problem 1`] = `
.c0 {
  position: relative;
  display: inline-block;
  padding: 0.4rem 0.8rem;
  border-radius: 0.5rem;
  color: hsl(0,100%,100%);
  background: hsl(200,74%,46%);
}

<div
  class="c0"
  color="hsl(200,74%,46%)"
>
  Beta
</div>
`;
