// Jest Snapshot v1, https://goo.gl/fbAQLP

exports[`<CheckBox /> should render without a problem 1`] = `
.c6 {
  display: inline-block;
}

.c3 {
  border: 0;
  -webkit-clip: rect(0 0 0 0);
  clip: rect(0 0 0 0);
  -webkit-clip-path: inset(50%);
  clip-path: inset(50%);
  height: 1px;
  margin: -1px;
  overflow: hidden;
  padding: 0;
  position: absolute;
  white-space: nowrap;
  width: 1px;
}

.c4 {
  display: -webkit-box;
  display: -webkit-flex;
  display: -ms-flexbox;
  display: flex;
  -webkit-box-pack: center;
  -webkit-justify-content: center;
  -ms-flex-pack: center;
  justify-content: center;
  -webkit-align-items: center;
  -webkit-box-align: center;
  -ms-flex-align: center;
  align-items: center;
  min-width: 1.6rem;
  height: 1.6rem;
  margin-right: 0.7rem;
  background: hsl(0,100%,100%);
  border: 1px solid hsl(207,22%,90%);
  border-radius: 0.4rem;
  box-shadow: inset 0 0.2rem 0 0 hsla(0,100%,100%,0.1);
  -webkit-transition: all 150ms;
  transition: all 150ms;
}

.c2:focus + .c4 {
  box-shadow: 0 0 0 2px rgba(30,146,204,0.4);
}

.c4 .c5 {
  visibility: hidden;
}

.c1 {
  display: -webkit-box;
  display: -webkit-flex;
  display: -ms-flexbox;
  display: flex;
  -webkit-align-items: center;
  -webkit-box-align: center;
  -ms-flex-align: center;
  align-items: center;
  cursor: pointer;
  position: relative;
  color: hsl(207,13%,45%);
}

.c0 {
  width: 100%;
}

<div
  class="c0"
  data-testid="checkBox"
>
  <label
    class="c1"
    data-testid="checkBox-label"
  >
    <input
      class="c2 c3"
      data-testid="hidden-checkBox"
      tabindex="0"
      type="checkbox"
      value=""
    />
    <div
      class="c4"
      data-testid="styled-checkBox"
    >
      <svg
        aria-hidden="true"
        class="c5 c6"
        focusable="false"
        height="10px"
        role="img"
        viewBox="0 0 512 512"
        width="10px"
        xmlns="http://www.w3.org/2000/svg"
      >
        <g>
          <path
            d="M411.582 134.248c8.33-8.33 21.838-8.33 30.17 0 8.33 8.332 8.33 21.84 0 30.17L207.085 399.085c-8.331 8.331-21.839 8.331-30.17 0L70.248 292.418c-8.33-8.33-8.33-21.838 0-30.17 8.332-8.33 21.84-8.33 30.17 0L192 353.83l219.582-219.582z"
            data-testid="icon-svg-path"
            fill="hsl(0,100%,100%)"
            fill-rule="evenodd"
          />
        </g>
      </svg>
    </div>
    label
  </label>
</div>
`;
