// Jest Snapshot v1, https://goo.gl/fbAQLP

exports[`<Counter /> should render without a problem 1`] = `
.c1 {
  position: relative;
  display: -webkit-inline-box;
  display: -webkit-inline-flex;
  display: -ms-inline-flexbox;
  display: inline-flex;
  -webkit-box-pack: center;
  -webkit-justify-content: center;
  -ms-flex-pack: center;
  justify-content: center;
  -webkit-align-items: center;
  -webkit-box-align: center;
  -ms-flex-align: center;
  align-items: center;
  -webkit-flex-wrap: nowrap;
  -ms-flex-wrap: nowrap;
  flex-wrap: nowrap;
  max-width: 100%;
  width: auto;
  padding: 0.75rem 1.6rem;
  border-radius: 0.4rem;
  font-size: 1.4rem;
  line-height: 1.57;
  color: hsl(0,100%,100%);
  cursor: pointer;
  outline: none;
  -webkit-transition: background 200ms ease,box-shadow 200ms ease;
  transition: background 200ms ease,box-shadow 200ms ease;
  color: hsl(207,13%,45%);
  background: linear-gradient(180deg,hsl(0,100%,100%) 0%,hsl(240,33%,99%) 100%);
  border: 1px solid hsl(207,22%,90%);
  padding: 0.75rem 1.6rem;
}

.c3 {
  display: -webkit-box;
  display: -webkit-flex;
  display: -ms-flexbox;
  display: flex;
  -webkit-box-pack: center;
  -webkit-justify-content: center;
  -ms-flex-pack: center;
  justify-content: center;
  -webkit-align-items: center;
  -webkit-box-align: center;
  -ms-flex-align: center;
  align-items: center;
  width: 5rem;
  background: hsl(0,100%,100%);
  border-top: 1px solid hsl(207,22%,90%);
  border-bottom: 1px solid hsl(207,22%,90%);
  color: hsl(213,17%,20%);
}

.c0 {
  display: -webkit-box;
  display: -webkit-flex;
  display: -ms-flexbox;
  display: flex;
}

.c0 .c2 {
  border-radius: 0;
  font-size: 2.0rem;
}

.c0 .c2:first-of-type {
  border-top-left-radius: 0.4rem;
  border-bottom-left-radius: 0.4rem;
}

.c0 .c2:last-of-type {
  border-top-right-radius: 0.4rem;
  border-bottom-right-radius: 0.4rem;
}

<div
  class="c0"
  max="1000"
  min="0"
  role="group"
  step="1"
  tabindex="-1"
  width="5rem"
>
  <button
    class="c1 c2 "
    data-testid="decrement"
    type="button"
  >
    -
  </button>
  <span
    class="c3"
    data-testid="fakeinput"
    width="5rem"
  >
    0
  </span>
  <button
    class="c1 c2 "
    data-testid="increment"
    type="button"
  >
    +
  </button>
</div>
`;
