// Jest Snapshot v1, https://goo.gl/fbAQLP

exports[`<Dropdown /> should render without a problem 1`] = `
.c1 {
  display: -webkit-box;
  display: -webkit-flex;
  display: -ms-flexbox;
  display: flex;
  height: 100%;
  width: 100%;
  padding: 0.8rem 1.2rem;
  cursor: pointer;
  text-align: left;
  font-size: 1.4rem;
  border: 1px solid hsl(207,22%,90%);
  border-radius: 0.4rem;
  background: linear-gradient( 180deg, hsl(0,100%,100%) 0%, hsl(216,45%,98%) 100% );
  box-shadow: 0 1px 2px 0 rgba(0,0,0,0.08);
  color: hsl(207,13%,45%);
}

.c1::after {
  content: '';
  position: absolute;
  right: 1.4rem;
  top: 37%;
  width: 0;
  height: 0;
  border: 0 solid transparent;
  border-right-width: 3px;
  border-left-width: 3px;
  border-bottom: 3px solid hsl(207,13%,45%);
}

.c1::before {
  content: '';
  position: absolute;
  right: 1.4rem;
  bottom: 37%;
  width: 0;
  height: 0;
  border: 0 solid transparent;
  border-left-width: 3px;
  border-right-width: 3px;
  border-top: 3px solid hsl(207,13%,45%);
}

.c0 {
  position: relative;
  -webkit-user-select: none;
  -moz-user-select: none;
  -ms-user-select: none;
  user-select: none;
}

<div
  class="c0"
  data-testid="dropdown"
>
  <button
    aria-expanded="false"
    aria-haspopup="true"
    class="c1"
    data-testid="dropdown-button"
  >
    title
  </button>
</div>
`;
