// Jest Snapshot v1, https://goo.gl/fbAQLP

exports[`<Dropdown /> should render without a problem 1`] = `
.c1 {
  display: inline-block;
  height: inherit;
  width: inherit;
}

.c2 {
  display: -webkit-box;
  display: -webkit-flex;
  display: -ms-flexbox;
  display: flex;
  -webkit-align-items: center;
  -webkit-box-align: center;
  -ms-flex-align: center;
  align-items: center;
  height: 100%;
  width: 100%;
  position: relative;
  padding: 0 1.6rem;
  cursor: pointer;
  text-align: left;
  font-size: 1.4rem;
  border: 1px solid hsl(207,22%,90%);
  border-radius: 0.4rem;
  background: linear-gradient( 180deg,hsl(0,100%,100%) 0%,hsl(240,33%,99%) 100% );
  color: hsl(207,13%,45%);
}

.c2::after {
  content: '';
  position: absolute;
  right: 1.4rem;
  top: 37%;
  width: 0;
  height: 0;
  border: 0 solid transparent;
  border-right-width: 3px;
  border-left-width: 3px;
  border-bottom: 3px solid hsl(207,13%,45%);
}

.c2::before {
  content: '';
  position: absolute;
  right: 1.4rem;
  bottom: 33%;
  width: 0;
  height: 0;
  border: 0 solid transparent;
  border-left-width: 3px;
  border-right-width: 3px;
  border-top: 3px solid hsl(207,13%,45%);
}

.c3 {
  -webkit-align-items: center;
  -webkit-box-align: center;
  -ms-flex-align: center;
  align-items: center;
  display: -webkit-box;
  display: -webkit-flex;
  display: -ms-flexbox;
  display: flex;
  height: 2.2rem;
  padding-right: 2rem;
}

.c0 {
  position: relative;
  -webkit-user-select: none;
  -moz-user-select: none;
  -ms-user-select: none;
  user-select: none;
  height: 3.8rem;
}

<div
  class="c0"
  data-testid="dropdown"
>
  <span
    class="c1"
  >
    <button
      aria-expanded="false"
      aria-haspopup="true"
      class="c2"
      data-testid="dropdown-button"
    >
      <div
        class="c3"
      >
        title
      </div>
    </button>
  </span>
</div>
`;
