// Jest Snapshot v1, https://goo.gl/fbAQLP

exports[`<WeekdayNames /> should render withouth a problem 1`] = `
.c0 {
  display: grid;
  grid-template-columns: repeat(7,2.8rem);
  grid-template-rows: 2rem;
  justify-items: stretch;
  -webkit-align-items: stretch;
  -webkit-box-align: stretch;
  -ms-flex-align: stretch;
  align-items: stretch;
  text-align: center;
  border-bottom: 1px solid hsl(206,23%,69%);
  color: hsl(206,23%,69%);
}

<div
  className="c0"
  key="nodejs"
>
  <styled.div
    key="Mon"
  >
    Mon
  </styled.div>
  <styled.div
    key="Tue"
  >
    Tue
  </styled.div>
  <styled.div
    key="Wed"
  >
    Wed
  </styled.div>
  <styled.div
    key="Thu"
  >
    Thu
  </styled.div>
  <styled.div
    key="Fri"
  >
    Fri
  </styled.div>
  <styled.div
    key="Sat"
  >
    Sat
  </styled.div>
  <styled.div
    key="Sun"
  >
    Sun
  </styled.div>
</div>
`;
