// Jest Snapshot v1, https://goo.gl/fbAQLP

exports[`<DatePicker /> Range should render without a problem 1`] = `
.c10 {
  margin-top: 0.8rem;
  font-size: 1.4rem;
  color: hsl(213,17%,20%);
  cursor: pointer;
}

.c10:not(:nth-child(7n)) {
  padding-right: 0.8rem;
}

.c11 {
  display: -webkit-box;
  display: -webkit-flex;
  display: -ms-flexbox;
  display: flex;
  -webkit-box-pack: center;
  -webkit-justify-content: center;
  -ms-flex-pack: center;
  justify-content: center;
  -webkit-align-items: center;
  -webkit-box-align: center;
  -ms-flex-align: center;
  align-items: center;
  -webkit-flex-basis: 2.8rem;
  -ms-flex-preferred-size: 2.8rem;
  flex-basis: 2.8rem;
  width: 2.8rem;
  height: 2.8rem;
  max-width: 2.8rem;
  border-radius: 50%;
  -webkit-user-select: none;
  -moz-user-select: none;
  -ms-user-select: none;
  user-select: none;
  color: hsl(206,23%,69%);
}

.c12 {
  display: -webkit-box;
  display: -webkit-flex;
  display: -ms-flexbox;
  display: flex;
  -webkit-box-pack: center;
  -webkit-justify-content: center;
  -ms-flex-pack: center;
  justify-content: center;
  -webkit-align-items: center;
  -webkit-box-align: center;
  -ms-flex-align: center;
  align-items: center;
  -webkit-flex-basis: 2.8rem;
  -ms-flex-preferred-size: 2.8rem;
  flex-basis: 2.8rem;
  width: 2.8rem;
  height: 2.8rem;
  max-width: 2.8rem;
  border-radius: 50%;
  -webkit-user-select: none;
  -moz-user-select: none;
  -ms-user-select: none;
  user-select: none;
}

.c12:hover {
  background: rgba(30,146,204,0.14);
}

.c13 {
  display: -webkit-box;
  display: -webkit-flex;
  display: -ms-flexbox;
  display: flex;
  -webkit-box-pack: center;
  -webkit-justify-content: center;
  -ms-flex-pack: center;
  justify-content: center;
  -webkit-align-items: center;
  -webkit-box-align: center;
  -ms-flex-align: center;
  align-items: center;
  -webkit-flex-basis: 2.8rem;
  -ms-flex-preferred-size: 2.8rem;
  flex-basis: 2.8rem;
  width: 2.8rem;
  height: 2.8rem;
  max-width: 2.8rem;
  border-radius: 50%;
  -webkit-user-select: none;
  -moz-user-select: none;
  -ms-user-select: none;
  user-select: none;
  color: hsl(0,100%,100%);
  background: hsl(200,74%,46%);
}

.c9 {
  display: -webkit-box;
  display: -webkit-flex;
  display: -ms-flexbox;
  display: flex;
  -webkit-flex-wrap: wrap;
  -ms-flex-wrap: wrap;
  flex-wrap: wrap;
}

.c8 {
  display: -webkit-box;
  display: -webkit-flex;
  display: -ms-flexbox;
  display: flex;
  -webkit-flex-basis: 2.8rem;
  -ms-flex-preferred-size: 2.8rem;
  flex-basis: 2.8rem;
  -webkit-box-pack: center;
  -webkit-justify-content: center;
  -ms-flex-pack: center;
  justify-content: center;
  height: 1.1rem;
  width: 2.8rem;
  -webkit-user-select: none;
  -moz-user-select: none;
  -ms-user-select: none;
  user-select: none;
  font-size: calc(1.2rem - 0.2rem);
  text-transform: uppercase;
  color: hsl(207,13%,45%);
}

.c8:not(:nth-child(7n)) {
  margin-right: 0.8rem;
}

.c7 {
  display: -webkit-box;
  display: -webkit-flex;
  display: -ms-flexbox;
  display: flex;
  -webkit-flex-wrap: nowrap;
  -ms-flex-wrap: nowrap;
  flex-wrap: nowrap;
  margin: 1.6rem 0 0.8rem;
}

.c5 {
  display: inline-block;
  border-image-source: none;
  border-image-width: 0;
  padding: 0;
  font-size: 20;
  line-height: 20;
}

.c4 {
  position: relative;
  display: -webkit-inline-box;
  display: -webkit-inline-flex;
  display: -ms-inline-flexbox;
  display: inline-flex;
  -webkit-box-pack: center;
  -webkit-justify-content: center;
  -ms-flex-pack: center;
  justify-content: center;
  -webkit-align-items: center;
  -webkit-box-align: center;
  -ms-flex-align: center;
  align-items: center;
  -webkit-flex-wrap: nowrap;
  -ms-flex-wrap: nowrap;
  flex-wrap: nowrap;
  max-width: 100%;
  width: auto;
  padding: 0.75rem 1.6rem;
  border-radius: 0.4rem;
  font-size: 1.4rem;
  line-height: 1.57;
  color: hsl(0,100%,100%);
  cursor: pointer;
  outline: none;
  -webkit-transition: background 200ms ease,box-shadow 200ms ease;
  transition: background 200ms ease,box-shadow 200ms ease;
  color: hsl(213,17%,20%);
  background: none;
  padding: 0.35rem 1.4rem;
}

.c6 {
  -webkit-flex: 1;
  -ms-flex: 1;
  flex: 1;
  -webkit-user-select: none;
  -moz-user-select: none;
  -ms-user-select: none;
  user-select: none;
  font-weight: 500;
  font-size: 1.4rem;
}

.c3 {
  padding: 0;
}

.c2 {
  display: -webkit-box;
  display: -webkit-flex;
  display: -ms-flexbox;
  display: flex;
  -webkit-flex-direction: row;
  -ms-flex-direction: row;
  flex-direction: row;
  -webkit-box-pack: justify;
  -webkit-justify-content: space-between;
  -ms-flex-pack: justify;
  justify-content: space-between;
  -webkit-align-items: center;
  -webkit-box-align: center;
  -ms-flex-align: center;
  align-items: center;
  color: hsl(213,17%,20%);
  text-align: center;
  font-size: 1.2rem;
  line-height: 1.4rem;
}

.c1:not(:last-child) {
  margin-right: 0;
}

.c0 {
  display: -webkit-box;
  display: -webkit-flex;
  display: -ms-flexbox;
  display: flex;
  width: 24.4rem;
  font-weight: 500;
}

<div
  class="c0"
>
  <div
    class="c1"
  >
    <div
      class="c2"
    >
      <button
        class="c3 c4"
        data-testid="previous-month-button"
        type="button"
      >
        <div
          class="c5"
          data-testid="iconContainer"
          height="20"
          width="20"
        >
          <svg
            data-testid="iconSvg"
            height="20"
            style="display: block;"
            viewBox="0 0 512 512"
            width="20"
            xmlns="http://www.w3.org/2000/svg"
          >
            <path
              d="M335.085 368.915c8.331 8.331 8.331 21.839 0 30.17-8.331 8.331-21.839 8.331-30.17 0l-128-128c-8.331-8.331-8.331-21.839 0-30.17l128-128c8.331-8.331 21.839-8.331 30.17 0 8.331 8.331 8.331 21.839 0 30.17L222.17 256l112.915 112.915z"
              data-testid="iconSvgPath"
              fill="hsl(207,13%,45%)"
              fill-rule="evenodd"
            />
          </svg>
        </div>
      </button>
      <div
        class="c6"
      >
        July 2018
      </div>
      <button
        class="c3 c4"
        data-testid="next-month-button"
        type="button"
      >
        <div
          class="c5"
          data-testid="iconContainer"
          height="20"
          width="20"
        >
          <svg
            data-testid="iconSvg"
            height="20"
            style="display: block;"
            viewBox="0 0 512 512"
            width="20"
            xmlns="http://www.w3.org/2000/svg"
          >
            <path
              d="M176.915 143.085c-8.331-8.331-8.331-21.839 0-30.17 8.331-8.331 21.839-8.331 30.17 0l128 128c8.331 8.331 8.331 21.839 0 30.17l-128 128c-8.331 8.331-21.839 8.331-30.17 0-8.331-8.331-8.331-21.839 0-30.17L289.83 256 176.915 143.085z"
              data-testid="iconSvgPath"
              fill="hsl(207,13%,45%)"
              fill-rule="evenodd"
            />
          </svg>
        </div>
      </button>
    </div>
    <div
      class="c7"
    >
      <div
        class="c8"
      >
        Mon
      </div>
      <div
        class="c8"
      >
        Tue
      </div>
      <div
        class="c8"
      >
        Wed
      </div>
      <div
        class="c8"
      >
        Thu
      </div>
      <div
        class="c8"
      >
        Fri
      </div>
      <div
        class="c8"
      >
        Sat
      </div>
      <div
        class="c8"
      >
        Sun
      </div>
    </div>
    <div
      class="c9"
    >
      <div
        class="c10"
      >
        <div
          class="c11"
        >
          25
        </div>
      </div>
      <div
        class="c10"
      >
        <div
          class="c11"
        >
          26
        </div>
      </div>
      <div
        class="c10"
      >
        <div
          class="c11"
        >
          27
        </div>
      </div>
      <div
        class="c10"
      >
        <div
          class="c11"
        >
          28
        </div>
      </div>
      <div
        class="c10"
      >
        <div
          class="c11"
        >
          29
        </div>
      </div>
      <div
        class="c10"
      >
        <div
          class="c11"
        >
          30
        </div>
      </div>
      <div
        class="c10"
      >
        <div
          class="c12"
        >
          1
        </div>
      </div>
      <div
        class="c10"
      >
        <div
          class="c12"
        >
          2
        </div>
      </div>
      <div
        class="c10"
      >
        <div
          class="c12"
        >
          3
        </div>
      </div>
      <div
        class="c10"
      >
        <div
          class="c12"
        >
          4
        </div>
      </div>
      <div
        class="c10"
      >
        <div
          class="c12"
        >
          5
        </div>
      </div>
      <div
        class="c10"
      >
        <div
          class="c12"
        >
          6
        </div>
      </div>
      <div
        class="c10"
      >
        <div
          class="c12"
        >
          7
        </div>
      </div>
      <div
        class="c10"
      >
        <div
          class="c12"
        >
          8
        </div>
      </div>
      <div
        class="c10"
      >
        <div
          class="c12"
        >
          9
        </div>
      </div>
      <div
        class="c10"
      >
        <div
          class="c12"
        >
          10
        </div>
      </div>
      <div
        class="c10"
      >
        <div
          class="c12"
        >
          11
        </div>
      </div>
      <div
        class="c10"
      >
        <div
          class="c12"
        >
          12
        </div>
      </div>
      <div
        class="c10"
      >
        <div
          class="c12"
        >
          13
        </div>
      </div>
      <div
        class="c10"
      >
        <div
          class="c12"
        >
          14
        </div>
      </div>
      <div
        class="c10"
      >
        <div
          class="c13"
        >
          15
        </div>
      </div>
      <div
        class="c10"
      >
        <div
          class="c12"
        >
          16
        </div>
      </div>
      <div
        class="c10"
      >
        <div
          class="c12"
        >
          17
        </div>
      </div>
      <div
        class="c10"
      >
        <div
          class="c12"
        >
          18
        </div>
      </div>
      <div
        class="c10"
      >
        <div
          class="c12"
        >
          19
        </div>
      </div>
      <div
        class="c10"
      >
        <div
          class="c12"
        >
          20
        </div>
      </div>
      <div
        class="c10"
      >
        <div
          class="c12"
        >
          21
        </div>
      </div>
      <div
        class="c10"
      >
        <div
          class="c12"
        >
          22
        </div>
      </div>
      <div
        class="c10"
      >
        <div
          class="c12"
        >
          23
        </div>
      </div>
      <div
        class="c10"
      >
        <div
          class="c12"
        >
          24
        </div>
      </div>
      <div
        class="c10"
      >
        <div
          class="c12"
        >
          25
        </div>
      </div>
      <div
        class="c10"
      >
        <div
          class="c12"
        >
          26
        </div>
      </div>
      <div
        class="c10"
      >
        <div
          class="c12"
        >
          27
        </div>
      </div>
      <div
        class="c10"
      >
        <div
          class="c12"
        >
          28
        </div>
      </div>
      <div
        class="c10"
      >
        <div
          class="c12"
        >
          29
        </div>
      </div>
      <div
        class="c10"
      >
        <div
          class="c12"
        >
          30
        </div>
      </div>
      <div
        class="c10"
      >
        <div
          class="c12"
        >
          31
        </div>
      </div>
      <div
        class="c10"
      >
        <div
          class="c11"
        >
          1
        </div>
      </div>
      <div
        class="c10"
      >
        <div
          class="c11"
        >
          2
        </div>
      </div>
      <div
        class="c10"
      >
        <div
          class="c11"
        >
          3
        </div>
      </div>
      <div
        class="c10"
      >
        <div
          class="c11"
        >
          4
        </div>
      </div>
      <div
        class="c10"
      >
        <div
          class="c11"
        >
          5
        </div>
      </div>
    </div>
  </div>
</div>
`;

exports[`<DatePicker /> Simple should render without a problem 1`] = `
.c10 {
  margin-top: 0.8rem;
  font-size: 1.4rem;
  color: hsl(213,17%,20%);
  cursor: pointer;
}

.c10:not(:nth-child(7n)) {
  padding-right: 0.8rem;
}

.c11 {
  display: -webkit-box;
  display: -webkit-flex;
  display: -ms-flexbox;
  display: flex;
  -webkit-box-pack: center;
  -webkit-justify-content: center;
  -ms-flex-pack: center;
  justify-content: center;
  -webkit-align-items: center;
  -webkit-box-align: center;
  -ms-flex-align: center;
  align-items: center;
  -webkit-flex-basis: 2.8rem;
  -ms-flex-preferred-size: 2.8rem;
  flex-basis: 2.8rem;
  width: 2.8rem;
  height: 2.8rem;
  max-width: 2.8rem;
  border-radius: 50%;
  -webkit-user-select: none;
  -moz-user-select: none;
  -ms-user-select: none;
  user-select: none;
  color: hsl(206,23%,69%);
}

.c12 {
  display: -webkit-box;
  display: -webkit-flex;
  display: -ms-flexbox;
  display: flex;
  -webkit-box-pack: center;
  -webkit-justify-content: center;
  -ms-flex-pack: center;
  justify-content: center;
  -webkit-align-items: center;
  -webkit-box-align: center;
  -ms-flex-align: center;
  align-items: center;
  -webkit-flex-basis: 2.8rem;
  -ms-flex-preferred-size: 2.8rem;
  flex-basis: 2.8rem;
  width: 2.8rem;
  height: 2.8rem;
  max-width: 2.8rem;
  border-radius: 50%;
  -webkit-user-select: none;
  -moz-user-select: none;
  -ms-user-select: none;
  user-select: none;
}

.c12:hover {
  background: rgba(30,146,204,0.14);
}

.c13 {
  display: -webkit-box;
  display: -webkit-flex;
  display: -ms-flexbox;
  display: flex;
  -webkit-box-pack: center;
  -webkit-justify-content: center;
  -ms-flex-pack: center;
  justify-content: center;
  -webkit-align-items: center;
  -webkit-box-align: center;
  -ms-flex-align: center;
  align-items: center;
  -webkit-flex-basis: 2.8rem;
  -ms-flex-preferred-size: 2.8rem;
  flex-basis: 2.8rem;
  width: 2.8rem;
  height: 2.8rem;
  max-width: 2.8rem;
  border-radius: 50%;
  -webkit-user-select: none;
  -moz-user-select: none;
  -ms-user-select: none;
  user-select: none;
  color: hsl(0,100%,100%);
  background: hsl(200,74%,46%);
}

.c9 {
  display: -webkit-box;
  display: -webkit-flex;
  display: -ms-flexbox;
  display: flex;
  -webkit-flex-wrap: wrap;
  -ms-flex-wrap: wrap;
  flex-wrap: wrap;
}

.c8 {
  display: -webkit-box;
  display: -webkit-flex;
  display: -ms-flexbox;
  display: flex;
  -webkit-flex-basis: 2.8rem;
  -ms-flex-preferred-size: 2.8rem;
  flex-basis: 2.8rem;
  -webkit-box-pack: center;
  -webkit-justify-content: center;
  -ms-flex-pack: center;
  justify-content: center;
  height: 1.1rem;
  width: 2.8rem;
  -webkit-user-select: none;
  -moz-user-select: none;
  -ms-user-select: none;
  user-select: none;
  font-size: calc(1.2rem - 0.2rem);
  text-transform: uppercase;
  color: hsl(207,13%,45%);
}

.c8:not(:nth-child(7n)) {
  margin-right: 0.8rem;
}

.c7 {
  display: -webkit-box;
  display: -webkit-flex;
  display: -ms-flexbox;
  display: flex;
  -webkit-flex-wrap: nowrap;
  -ms-flex-wrap: nowrap;
  flex-wrap: nowrap;
  margin: 1.6rem 0 0.8rem;
}

.c5 {
  display: inline-block;
  border-image-source: none;
  border-image-width: 0;
  padding: 0;
  font-size: 20;
  line-height: 20;
}

.c4 {
  position: relative;
  display: -webkit-inline-box;
  display: -webkit-inline-flex;
  display: -ms-inline-flexbox;
  display: inline-flex;
  -webkit-box-pack: center;
  -webkit-justify-content: center;
  -ms-flex-pack: center;
  justify-content: center;
  -webkit-align-items: center;
  -webkit-box-align: center;
  -ms-flex-align: center;
  align-items: center;
  -webkit-flex-wrap: nowrap;
  -ms-flex-wrap: nowrap;
  flex-wrap: nowrap;
  max-width: 100%;
  width: auto;
  padding: 0.75rem 1.6rem;
  border-radius: 0.4rem;
  font-size: 1.4rem;
  line-height: 1.57;
  color: hsl(0,100%,100%);
  cursor: pointer;
  outline: none;
  -webkit-transition: background 200ms ease,box-shadow 200ms ease;
  transition: background 200ms ease,box-shadow 200ms ease;
  color: hsl(213,17%,20%);
  background: none;
  padding: 0.35rem 1.4rem;
}

.c6 {
  -webkit-flex: 1;
  -ms-flex: 1;
  flex: 1;
  -webkit-user-select: none;
  -moz-user-select: none;
  -ms-user-select: none;
  user-select: none;
  font-weight: 500;
  font-size: 1.4rem;
}

.c3 {
  padding: 0;
}

.c2 {
  display: -webkit-box;
  display: -webkit-flex;
  display: -ms-flexbox;
  display: flex;
  -webkit-flex-direction: row;
  -ms-flex-direction: row;
  flex-direction: row;
  -webkit-box-pack: justify;
  -webkit-justify-content: space-between;
  -ms-flex-pack: justify;
  justify-content: space-between;
  -webkit-align-items: center;
  -webkit-box-align: center;
  -ms-flex-align: center;
  align-items: center;
  color: hsl(213,17%,20%);
  text-align: center;
  font-size: 1.2rem;
  line-height: 1.4rem;
}

.c1:not(:last-child) {
  margin-right: 0;
}

.c0 {
  display: -webkit-box;
  display: -webkit-flex;
  display: -ms-flexbox;
  display: flex;
  width: 24.4rem;
  font-weight: 500;
}

<div
  class="c0"
>
  <div
    class="c1"
  >
    <div
      class="c2"
    >
      <button
        class="c3 c4"
        data-testid="previous-month-button"
        type="button"
      >
        <div
          class="c5"
          data-testid="iconContainer"
          height="20"
          width="20"
        >
          <svg
            data-testid="iconSvg"
            height="20"
            style="display: block;"
            viewBox="0 0 512 512"
            width="20"
            xmlns="http://www.w3.org/2000/svg"
          >
            <path
              d="M335.085 368.915c8.331 8.331 8.331 21.839 0 30.17-8.331 8.331-21.839 8.331-30.17 0l-128-128c-8.331-8.331-8.331-21.839 0-30.17l128-128c8.331-8.331 21.839-8.331 30.17 0 8.331 8.331 8.331 21.839 0 30.17L222.17 256l112.915 112.915z"
              data-testid="iconSvgPath"
              fill="hsl(207,13%,45%)"
              fill-rule="evenodd"
            />
          </svg>
        </div>
      </button>
      <div
        class="c6"
      >
        July 2018
      </div>
      <button
        class="c3 c4"
        data-testid="next-month-button"
        type="button"
      >
        <div
          class="c5"
          data-testid="iconContainer"
          height="20"
          width="20"
        >
          <svg
            data-testid="iconSvg"
            height="20"
            style="display: block;"
            viewBox="0 0 512 512"
            width="20"
            xmlns="http://www.w3.org/2000/svg"
          >
            <path
              d="M176.915 143.085c-8.331-8.331-8.331-21.839 0-30.17 8.331-8.331 21.839-8.331 30.17 0l128 128c8.331 8.331 8.331 21.839 0 30.17l-128 128c-8.331 8.331-21.839 8.331-30.17 0-8.331-8.331-8.331-21.839 0-30.17L289.83 256 176.915 143.085z"
              data-testid="iconSvgPath"
              fill="hsl(207,13%,45%)"
              fill-rule="evenodd"
            />
          </svg>
        </div>
      </button>
    </div>
    <div
      class="c7"
    >
      <div
        class="c8"
      >
        Mon
      </div>
      <div
        class="c8"
      >
        Tue
      </div>
      <div
        class="c8"
      >
        Wed
      </div>
      <div
        class="c8"
      >
        Thu
      </div>
      <div
        class="c8"
      >
        Fri
      </div>
      <div
        class="c8"
      >
        Sat
      </div>
      <div
        class="c8"
      >
        Sun
      </div>
    </div>
    <div
      class="c9"
    >
      <div
        class="c10"
      >
        <div
          class="c11"
        >
          25
        </div>
      </div>
      <div
        class="c10"
      >
        <div
          class="c11"
        >
          26
        </div>
      </div>
      <div
        class="c10"
      >
        <div
          class="c11"
        >
          27
        </div>
      </div>
      <div
        class="c10"
      >
        <div
          class="c11"
        >
          28
        </div>
      </div>
      <div
        class="c10"
      >
        <div
          class="c11"
        >
          29
        </div>
      </div>
      <div
        class="c10"
      >
        <div
          class="c11"
        >
          30
        </div>
      </div>
      <div
        class="c10"
      >
        <div
          class="c12"
        >
          1
        </div>
      </div>
      <div
        class="c10"
      >
        <div
          class="c12"
        >
          2
        </div>
      </div>
      <div
        class="c10"
      >
        <div
          class="c12"
        >
          3
        </div>
      </div>
      <div
        class="c10"
      >
        <div
          class="c12"
        >
          4
        </div>
      </div>
      <div
        class="c10"
      >
        <div
          class="c12"
        >
          5
        </div>
      </div>
      <div
        class="c10"
      >
        <div
          class="c12"
        >
          6
        </div>
      </div>
      <div
        class="c10"
      >
        <div
          class="c12"
        >
          7
        </div>
      </div>
      <div
        class="c10"
      >
        <div
          class="c12"
        >
          8
        </div>
      </div>
      <div
        class="c10"
      >
        <div
          class="c12"
        >
          9
        </div>
      </div>
      <div
        class="c10"
      >
        <div
          class="c12"
        >
          10
        </div>
      </div>
      <div
        class="c10"
      >
        <div
          class="c12"
        >
          11
        </div>
      </div>
      <div
        class="c10"
      >
        <div
          class="c12"
        >
          12
        </div>
      </div>
      <div
        class="c10"
      >
        <div
          class="c12"
        >
          13
        </div>
      </div>
      <div
        class="c10"
      >
        <div
          class="c12"
        >
          14
        </div>
      </div>
      <div
        class="c10"
      >
        <div
          class="c13"
        >
          15
        </div>
      </div>
      <div
        class="c10"
      >
        <div
          class="c12"
        >
          16
        </div>
      </div>
      <div
        class="c10"
      >
        <div
          class="c12"
        >
          17
        </div>
      </div>
      <div
        class="c10"
      >
        <div
          class="c12"
        >
          18
        </div>
      </div>
      <div
        class="c10"
      >
        <div
          class="c12"
        >
          19
        </div>
      </div>
      <div
        class="c10"
      >
        <div
          class="c12"
        >
          20
        </div>
      </div>
      <div
        class="c10"
      >
        <div
          class="c12"
        >
          21
        </div>
      </div>
      <div
        class="c10"
      >
        <div
          class="c12"
        >
          22
        </div>
      </div>
      <div
        class="c10"
      >
        <div
          class="c12"
        >
          23
        </div>
      </div>
      <div
        class="c10"
      >
        <div
          class="c12"
        >
          24
        </div>
      </div>
      <div
        class="c10"
      >
        <div
          class="c12"
        >
          25
        </div>
      </div>
      <div
        class="c10"
      >
        <div
          class="c12"
        >
          26
        </div>
      </div>
      <div
        class="c10"
      >
        <div
          class="c12"
        >
          27
        </div>
      </div>
      <div
        class="c10"
      >
        <div
          class="c12"
        >
          28
        </div>
      </div>
      <div
        class="c10"
      >
        <div
          class="c12"
        >
          29
        </div>
      </div>
      <div
        class="c10"
      >
        <div
          class="c12"
        >
          30
        </div>
      </div>
      <div
        class="c10"
      >
        <div
          class="c12"
        >
          31
        </div>
      </div>
      <div
        class="c10"
      >
        <div
          class="c11"
        >
          1
        </div>
      </div>
      <div
        class="c10"
      >
        <div
          class="c11"
        >
          2
        </div>
      </div>
      <div
        class="c10"
      >
        <div
          class="c11"
        >
          3
        </div>
      </div>
      <div
        class="c10"
      >
        <div
          class="c11"
        >
          4
        </div>
      </div>
      <div
        class="c10"
      >
        <div
          class="c11"
        >
          5
        </div>
      </div>
    </div>
  </div>
</div>
`;
