// Jest Snapshot v1, https://goo.gl/fbAQLP

exports[`<KpiChart /> should render withouth a problem 1`] = `
.c5 {
  position: relative;
  display: -webkit-inline-box;
  display: -webkit-inline-flex;
  display: -ms-inline-flexbox;
  display: inline-flex;
  -webkit-box-pack: center;
  -webkit-justify-content: center;
  -ms-flex-pack: center;
  justify-content: center;
  -webkit-align-items: center;
  -webkit-box-align: center;
  -ms-flex-align: center;
  align-items: center;
  -webkit-flex-wrap: nowrap;
  -ms-flex-wrap: nowrap;
  flex-wrap: nowrap;
  max-width: 100%;
  width: auto;
  padding: 0.8rem 1.6rem;
  border-radius: 0.4rem;
  font-size: 1.4rem;
  line-height: 1.57;
  color: hsl(0,100%,100%);
  cursor: pointer;
  outline: none;
  -webkit-transition: background 200ms ease,box-shadow 200ms ease;
  transition: background 200ms ease,box-shadow 200ms ease;
  color: hsl(213,17%,20%);
  background: none;
  padding: 0.75rem 2.2rem;
}

.c5 svg > path {
  fill: hsl(0,100%,100%);
}

.c5 svg > path {
  fill: hsl(213,17%,20%);
}

.c1 {
  display: -webkit-box;
  display: -webkit-flex;
  display: -ms-flexbox;
  display: flex;
  -webkit-box-pack: justify;
  -webkit-justify-content: space-between;
  -ms-flex-pack: justify;
  justify-content: space-between;
  -webkit-align-items: center;
  -webkit-box-align: center;
  -ms-flex-align: center;
  align-items: center;
}

.c2 {
  font-weight: 600;
  font-size: 1.6rem;
  padding-bottom: 0.5rem;
  border-bottom: 1px dotted hsl(213,17%,20%);
}

.c3 {
  height: 37.3rem;
}

.c4 {
  position: absolute;
  bottom: 1.5rem;
  left: 1rem;
}

.c4 button {
  color: hsl(200,74%,46%);
}

.c0 {
  position: relative;
  display: -webkit-box;
  display: -webkit-flex;
  display: -ms-flexbox;
  display: flex;
  -webkit-flex-direction: column;
  -ms-flex-direction: column;
  flex-direction: column;
  padding: 2.4rem 2rem;
  height: 100%;
  border-radius: 0.4rem;
  border: 1px solid hsl(207,22%,90%);
  background: hsl(0,100%,100%);
  font-size: 1.2rem;
}

<div
  class="c0"
>
  <div
    class="c1"
  >
    <div
      class="c2"
    >
      title
    </div>
  </div>
  <div
    class="c3"
  />
  <div
    class="c4"
  >
    <button
      class="c5"
      type="button"
    >
      label
    </button>
  </div>
</div>
`;
