// Jest Snapshot v1, https://goo.gl/fbAQLP

exports[`<DatePicker /> should render without a problem 1`] = `
.c2 {
  position: relative;
  display: -webkit-inline-box;
  display: -webkit-inline-flex;
  display: -ms-inline-flexbox;
  display: inline-flex;
  -webkit-box-pack: center;
  -webkit-justify-content: center;
  -ms-flex-pack: center;
  justify-content: center;
  -webkit-align-items: center;
  -webkit-box-align: center;
  -ms-flex-align: center;
  align-items: center;
  -webkit-flex-wrap: nowrap;
  -ms-flex-wrap: nowrap;
  flex-wrap: nowrap;
  max-width: 100%;
  width: auto;
  padding: 0.8rem 1.6rem;
  border-radius: 0.4rem;
  font-size: 1.4rem;
  line-height: 1.57;
  color: hsl(0,100%,100%);
  cursor: pointer;
  outline: none;
  -webkit-transition: background 200ms ease,box-shadow 200ms ease;
  transition: background 200ms ease,box-shadow 200ms ease;
  color: hsl(207,13%,45%);
  background: linear-gradient(180deg,hsl(0,100%,100%) 0%,hsl(216,45%,98%) 100%);
  border: 1px solid hsl(207,22%,90%);
  padding: 0.35rem 1.4rem;
}

.c2 svg > path {
  fill: hsl(0,100%,100%);
}

.c2 svg > path {
  fill: hsl(207,13%,45%);
}

.c8 {
  font-size: 1.4rem;
  line-height: 3rem;
  cursor: pointer;
  cursor: not-allowed;
  border-top-left-radius: 0.4rem;
  border-bottom-left-radius: 0.4rem;
}

.c8 > .c9 {
  color: hsl(207,22%,90%);
}

.c8 > .c9 {
  color: hsl(207,22%,90%);
}

.c11 {
  font-size: 1.4rem;
  line-height: 3rem;
  cursor: pointer;
  cursor: not-allowed;
}

.c11 > .c9 {
  color: hsl(207,22%,90%);
}

.c11 > .c9 {
  color: hsl(207,22%,90%);
}

.c13 {
  font-size: 1.4rem;
  line-height: 3rem;
  cursor: pointer;
  cursor: not-allowed;
  border-top-left-radius: 0.4rem;
  border-bottom-left-radius: 0.4rem;
  border-top-right-radius: 0.4rem;
  border-bottom-right-radius: 0.4rem;
}

.c13 > .c9 {
  color: hsl(207,22%,90%);
}

.c15 {
  font-size: 1.4rem;
  line-height: 3rem;
  cursor: pointer;
  cursor: not-allowed;
  border-top-left-radius: 0.4rem;
  border-bottom-left-radius: 0.4rem;
}

.c15 > .c9 {
  color: hsl(207,22%,90%);
}

.c16 {
  font-size: 1.4rem;
  line-height: 3rem;
  cursor: pointer;
  cursor: not-allowed;
}

.c16 > .c9 {
  color: hsl(207,22%,90%);
}

.c17 {
  font-size: 1.4rem;
  line-height: 3rem;
  cursor: pointer;
  cursor: not-allowed;
  border-top-right-radius: 0.4rem;
  border-bottom-right-radius: 0.4rem;
}

.c17 > .c9 {
  color: hsl(207,22%,90%);
}

.c19 {
  font-size: 1.4rem;
  line-height: 3rem;
  cursor: pointer;
  border-top-right-radius: 0.4rem;
  border-bottom-right-radius: 0.4rem;
}

.c19 > .c9 {
  color: hsl(0,100%,100%);
  background: hsl(200,74%,46%);
}

.c20 {
  font-size: 1.4rem;
  line-height: 3rem;
  cursor: pointer;
  border-top-left-radius: 0.4rem;
  border-bottom-left-radius: 0.4rem;
}

.c21 {
  font-size: 1.4rem;
  line-height: 3rem;
  cursor: pointer;
}

.c22 {
  font-size: 1.4rem;
  line-height: 3rem;
  cursor: pointer;
  border-top-right-radius: 0.4rem;
  border-bottom-right-radius: 0.4rem;
}

.c23 {
  font-size: 1.4rem;
  line-height: 3rem;
  cursor: pointer;
}

.c23 > .c9 {
  color: hsl(207,22%,90%);
}

.c24 {
  font-size: 1.4rem;
  line-height: 3rem;
  cursor: pointer;
  border-top-right-radius: 0.4rem;
  border-bottom-right-radius: 0.4rem;
}

.c24 > .c9 {
  color: hsl(207,22%,90%);
}

.c10 {
  width: 100%;
  height: 100%;
  border-top-left-radius: 0.4rem;
  border-bottom-left-radius: 0.4rem;
}

.c12 {
  width: 100%;
  height: 100%;
}

.c14 {
  width: 100%;
  height: 100%;
  border-top-left-radius: 0.4rem;
  border-bottom-left-radius: 0.4rem;
  border-top-right-radius: 0.4rem;
  border-bottom-right-radius: 0.4rem;
}

.c18 {
  width: 100%;
  height: 100%;
  border-top-right-radius: 0.4rem;
  border-bottom-right-radius: 0.4rem;
}

.c7 {
  display: grid;
  grid-template-columns: repeat(7,2.8rem);
  grid-template-rows: 2.8rem;
  justify-items: stretch;
  -webkit-align-items: stretch;
  -webkit-box-align: stretch;
  -ms-flex-align: stretch;
  align-items: stretch;
  text-align: center;
  color: hsl(206,23%,69%);
}

.c6 {
  font-size: 1.4rem;
}

.c5 {
  display: grid;
  grid-template-columns: repeat(7,2.8rem);
  grid-template-rows: 2rem;
  justify-items: stretch;
  -webkit-align-items: stretch;
  -webkit-box-align: stretch;
  -ms-flex-align: stretch;
  align-items: stretch;
  text-align: center;
  border-bottom: 1px solid hsl(206,23%,69%);
  color: hsl(206,23%,69%);
}

.c1 {
  display: -webkit-box;
  display: -webkit-flex;
  display: -ms-flexbox;
  display: flex;
  -webkit-flex-direction: row;
  -ms-flex-direction: row;
  flex-direction: row;
  -webkit-box-pack: justify;
  -webkit-justify-content: space-between;
  -ms-flex-pack: justify;
  justify-content: space-between;
  -webkit-align-items: center;
  -webkit-box-align: center;
  -ms-flex-align: center;
  align-items: center;
  margin-bottom: 1.5rem;
  color: hsl(213,17%,20%);
  font-size: 1.4rem;
  line-height: 1.4rem;
}

.c4 {
  -webkit-flex: 1;
  -ms-flex: 1;
  flex: 1;
  text-align: center;
}

.c3 {
  display: inline-block;
  border-image-source: none;
  border-image-width: 0;
  padding: 0;
  font-size: 20;
  line-height: 20;
}

.c0 {
  width: 20rem;
}

<div
  class="c0"
>
  <div
    class="c1"
  >
    <button
      class="c2"
      data-testid="previous-month-button"
      type="button"
    >
      <div
        class="c3"
        data-testid="iconContainer"
        height="20"
        width="20"
      >
        <svg
          data-testid="iconSvg"
          height="20"
          style="display: block;"
          viewBox="0 0 512 512"
          width="20"
          xmlns="http://www.w3.org/2000/svg"
        >
          <path
            d="M335.085 368.915c8.331 8.331 8.331 21.839 0 30.17-8.331 8.331-21.839 8.331-30.17 0l-128-128c-8.331-8.331-8.331-21.839 0-30.17l128-128c8.331-8.331 21.839-8.331 30.17 0 8.331 8.331 8.331 21.839 0 30.17L222.17 256l112.915 112.915z"
            data-testid="iconSvgPath"
            fill="hsl(213,17%,20%)"
            fill-rule="evenodd"
          />
        </svg>
      </div>
    </button>
    <div
      class="c4"
    >
      July 2018
    </div>
    <button
      class="c2"
      data-testid="next-month-button"
      type="button"
    >
      <div
        class="c3"
        data-testid="iconContainer"
        height="20"
        width="20"
      >
        <svg
          data-testid="iconSvg"
          height="20"
          style="display: block;"
          viewBox="0 0 512 512"
          width="20"
          xmlns="http://www.w3.org/2000/svg"
        >
          <path
            d="M176.915 143.085c-8.331-8.331-8.331-21.839 0-30.17 8.331-8.331 21.839-8.331 30.17 0l128 128c8.331 8.331 8.331 21.839 0 30.17l-128 128c-8.331 8.331-21.839 8.331-30.17 0-8.331-8.331-8.331-21.839 0-30.17L289.83 256 176.915 143.085z"
            data-testid="iconSvgPath"
            fill="hsl(213,17%,20%)"
            fill-rule="evenodd"
          />
        </svg>
      </div>
    </button>
  </div>
  <div
    class="c5"
  >
    <div
      class="c6"
    >
      Mon
    </div>
    <div
      class="c6"
    >
      Tue
    </div>
    <div
      class="c6"
    >
      Wed
    </div>
    <div
      class="c6"
    >
      Thu
    </div>
    <div
      class="c6"
    >
      Fri
    </div>
    <div
      class="c6"
    >
      Sat
    </div>
    <div
      class="c6"
    >
      Sun
    </div>
  </div>
  <div>
    <div
      class="c7"
    >
      <div
        class="c8"
        disabled=""
      >
        <div
          class="c9 c10"
        >
          25
        </div>
      </div>
      <div
        class="c11"
        disabled=""
      >
        <div
          class="c9 c12"
        >
          26
        </div>
      </div>
      <div
        class="c11"
        disabled=""
      >
        <div
          class="c9 c12"
        >
          27
        </div>
      </div>
      <div
        class="c11"
        disabled=""
      >
        <div
          class="c9 c12"
        >
          28
        </div>
      </div>
      <div
        class="c11"
        disabled=""
      >
        <div
          class="c9 c12"
        >
          29
        </div>
      </div>
      <div
        class="c11"
        disabled=""
      >
        <div
          class="c9 c12"
        >
          30
        </div>
      </div>
      <div
        class="c13"
        disabled=""
      >
        <div
          class="c9 c14"
        >
          01
        </div>
      </div>
    </div>
    <div
      class="c7"
    >
      <div
        class="c15"
        disabled=""
      >
        <div
          class="c9 c10"
        >
          02
        </div>
      </div>
      <div
        class="c16"
        disabled=""
      >
        <div
          class="c9 c12"
        >
          03
        </div>
      </div>
      <div
        class="c16"
        disabled=""
      >
        <div
          class="c9 c12"
        >
          04
        </div>
      </div>
      <div
        class="c16"
        disabled=""
      >
        <div
          class="c9 c12"
        >
          05
        </div>
      </div>
      <div
        class="c16"
        disabled=""
      >
        <div
          class="c9 c12"
        >
          06
        </div>
      </div>
      <div
        class="c16"
        disabled=""
      >
        <div
          class="c9 c12"
        >
          07
        </div>
      </div>
      <div
        class="c17"
        disabled=""
      >
        <div
          class="c9 c18"
        >
          08
        </div>
      </div>
    </div>
    <div
      class="c7"
    >
      <div
        class="c15"
        disabled=""
      >
        <div
          class="c9 c10"
        >
          09
        </div>
      </div>
      <div
        class="c16"
        disabled=""
      >
        <div
          class="c9 c12"
        >
          10
        </div>
      </div>
      <div
        class="c16"
        disabled=""
      >
        <div
          class="c9 c12"
        >
          11
        </div>
      </div>
      <div
        class="c16"
        disabled=""
      >
        <div
          class="c9 c12"
        >
          12
        </div>
      </div>
      <div
        class="c16"
        disabled=""
      >
        <div
          class="c9 c12"
        >
          13
        </div>
      </div>
      <div
        class="c16"
        disabled=""
      >
        <div
          class="c9 c12"
        >
          14
        </div>
      </div>
      <div
        class="c19"
      >
        <div
          class="c9 c14"
        >
          15
        </div>
      </div>
    </div>
    <div
      class="c7"
    >
      <div
        class="c20"
      >
        <div
          class="c9 c10"
        >
          16
        </div>
      </div>
      <div
        class="c21"
      >
        <div
          class="c9 c12"
        >
          17
        </div>
      </div>
      <div
        class="c21"
      >
        <div
          class="c9 c12"
        >
          18
        </div>
      </div>
      <div
        class="c21"
      >
        <div
          class="c9 c12"
        >
          19
        </div>
      </div>
      <div
        class="c21"
      >
        <div
          class="c9 c12"
        >
          20
        </div>
      </div>
      <div
        class="c21"
      >
        <div
          class="c9 c12"
        >
          21
        </div>
      </div>
      <div
        class="c22"
      >
        <div
          class="c9 c18"
        >
          22
        </div>
      </div>
    </div>
    <div
      class="c7"
    >
      <div
        class="c20"
      >
        <div
          class="c9 c10"
        >
          23
        </div>
      </div>
      <div
        class="c21"
      >
        <div
          class="c9 c12"
        >
          24
        </div>
      </div>
      <div
        class="c21"
      >
        <div
          class="c9 c12"
        >
          25
        </div>
      </div>
      <div
        class="c21"
      >
        <div
          class="c9 c12"
        >
          26
        </div>
      </div>
      <div
        class="c21"
      >
        <div
          class="c9 c12"
        >
          27
        </div>
      </div>
      <div
        class="c21"
      >
        <div
          class="c9 c12"
        >
          28
        </div>
      </div>
      <div
        class="c22"
      >
        <div
          class="c9 c18"
        >
          29
        </div>
      </div>
    </div>
    <div
      class="c7"
    >
      <div
        class="c20"
      >
        <div
          class="c9 c10"
        >
          30
        </div>
      </div>
      <div
        class="c22"
      >
        <div
          class="c9 c18"
        >
          31
        </div>
      </div>
      <div
        class="c23"
      >
        <div
          class="c9 c12"
        >
          01
        </div>
      </div>
      <div
        class="c23"
      >
        <div
          class="c9 c12"
        >
          02
        </div>
      </div>
      <div
        class="c23"
      >
        <div
          class="c9 c12"
        >
          03
        </div>
      </div>
      <div
        class="c23"
      >
        <div
          class="c9 c12"
        >
          04
        </div>
      </div>
      <div
        class="c24"
      >
        <div
          class="c9 c18"
        >
          05
        </div>
      </div>
    </div>
  </div>
</div>
`;
