// Jest Snapshot v1, https://goo.gl/fbAQLP

exports[`<Alert /> should render withouth a problem 1`] = `
.c0 {
  position: relative;
  display: -webkit-inline-box;
  display: -webkit-inline-flex;
  display: -ms-inline-flexbox;
  display: inline-flex;
  -webkit-box-pack: center;
  -webkit-justify-content: center;
  -ms-flex-pack: center;
  justify-content: center;
  -webkit-align-items: center;
  -webkit-box-align: center;
  -ms-flex-align: center;
  align-items: center;
  -webkit-flex-wrap: nowrap;
  -ms-flex-wrap: nowrap;
  flex-wrap: nowrap;
  max-width: 100%;
  width: auto;
  padding: 0.8rem 1.6rem;
  border-radius: 0.4rem;
  font-size: 1.4rem;
  line-height: 1.57;
  color: hsl(0,100%,100%);
  cursor: pointer;
  outline: none;
  -webkit-transition: background 200ms ease,box-shadow 200ms ease;
  transition: background 200ms ease,box-shadow 200ms ease;
  color: hsl(213,17%,20%);
  background: none;
  padding: 0.75rem 2.2rem;
}

.c0 svg > path {
  fill: hsl(0,100%,100%);
}

.c0 svg > path {
  fill: hsl(213,17%,20%);
}

<button
  class="c0"
  type="button"
>
  Show alert
</button>
`;
