// Jest Snapshot v1, https://goo.gl/fbAQLP

exports[`<DatePickerInput /> should render without a problem 1`] = `
.c3 {
  display: -webkit-box;
  display: -webkit-flex;
  display: -ms-flexbox;
  display: flex;
  -webkit-flex-direction: row;
  -ms-flex-direction: row;
  flex-direction: row;
  -webkit-align-items: center;
  -webkit-box-align: center;
  -ms-flex-align: center;
  align-items: center;
  width: 25rem;
  height: 4rem;
  overflow: hidden;
  border-radius: 0.4rem;
  border: 1px solid hsl(207,22%,90%);
  background-color: hsl(0,100%,100%);
}

.c4 {
  -webkit-flex: 1;
  -ms-flex: 1;
  flex: 1;
  height: 100%;
  width: 100%;
  background-color: hsl(0,100%,100%);
  padding: 0 0.7rem;
  border-radius: 0.4rem;
  font-size: 1rem;
  border: none;
  text-align: left;
}

.c4::-webkit-input-placeholder {
  font-size: 0.875rem;
}

.c4::-moz-placeholder {
  font-size: 0.875rem;
}

.c4:-ms-input-placeholder {
  font-size: 0.875rem;
}

.c4::placeholder {
  font-size: 0.875rem;
}

.c4:focus,
.c4:active {
  outline: none;
}

.c2 {
  display: inline-block;
  height: inherit;
  width: inherit;
}

.c0 {
  position: relative;
}

.c1 {
  position: absolute;
}

<div
  class="c0"
>
  <div
    class="c1"
  >
    <span
      class="c2"
    >
      <div
        class="c3"
        data-testid="input-container"
        width="25rem"
      >
        <input
          class="c4"
          data-testid="input"
          id=""
          placeholder=""
          tabindex="0"
          type="text"
          value="7/15/2018"
        />
      </div>
    </span>
  </div>
</div>
`;
